============================================================
  Generated by:           Genus(TM) Synthesis Solution 21.10-p002_1
  Generated on:           Dec 19 2024  10:35:24 am
  Module:                 ULA
  Technology libraries:   gscl45nm 
                          gscl45nm 
  Operating conditions:   typical (balanced_tree)
  Wireload mode:          enclosed
  Area mode:              timing library
============================================================

                             
  Gate   Instances    Area     Library   
-----------------------------------------
AND2X1          62   145.483    gscl45nm 
AOI21X1         17    47.869    gscl45nm 
AOI22X1         30    98.553    gscl45nm 
BUFX2           77   180.680    gscl45nm 
FAX1            43   383.418    gscl45nm 
HAX1             7    32.851    gscl45nm 
INVX1           64    90.106    gscl45nm 
MUX2X1          41   153.930    gscl45nm 
NAND2X1         15    28.158    gscl45nm 
NAND3X1         17    39.890    gscl45nm 
NOR2X1           5    11.732    gscl45nm 
NOR3X1           8    22.526    gscl45nm 
OAI21X1         60   168.948    gscl45nm 
OR2X1           42    98.553    gscl45nm 
XNOR2X1          2     9.386    gscl45nm 
XOR2X1           3    14.079    gscl45nm 
-----------------------------------------
total          493  1526.164             


                                         
     Type      Instances   Area   Area % 
-----------------------------------------
inverter              64   90.106    5.9 
buffer                77  180.680   11.8 
logic                352 1255.378   82.3 
physical_cells         0    0.000    0.0 
-----------------------------------------
total                493 1526.164  100.0 

