============================================================
  Generated by:           Genus(TM) Synthesis Solution 21.10-p002_1
  Generated on:           Dec 19 2024  10:52:46 am
  Module:                 ULA
  Technology libraries:   sky130_ff_1.98_0 1.0
                          sky130_ff_1.98_0 1.0
  Operating conditions:   ff_1.98_0 (balanced_tree)
  Wireload mode:          enclosed
  Area mode:              timing library
============================================================

                               
   Gate    Instances    Area         Library       
---------------------------------------------------
ADDFX1            34  1100.750    sky130_ff_1.98_0 
AND2X1            14   133.308    sky130_ff_1.98_0 
AOI211X1           5    57.130    sky130_ff_1.98_0 
AOI21X1           10    95.220    sky130_ff_1.98_0 
AOI221X1           2    26.662    sky130_ff_1.98_0 
AOI222X1           8    91.552    sky130_ff_1.98_0 
AOI22X1           16   182.816    sky130_ff_1.98_0 
CLKINVX2          36   205.668    sky130_ff_1.98_0 
CLKMX2X2           9   137.115    sky130_ff_1.98_0 
CLKXOR2X1         31   413.261    sky130_ff_1.98_0 
INVX1             10    57.130    sky130_ff_1.98_0 
INVX2             10    57.130    sky130_ff_1.98_0 
NAND2X1           58   441.844    sky130_ff_1.98_0 
NAND3X1            2    19.044    sky130_ff_1.98_0 
NOR2X1            29   220.922    sky130_ff_1.98_0 
NOR3X1             5    47.610    sky130_ff_1.98_0 
NOR4X1             2    22.852    sky130_ff_1.98_0 
OAI211X1           7    79.940    sky130_ff_1.98_0 
OAI21X1           19   180.918    sky130_ff_1.98_0 
OAI221X1           8   106.648    sky130_ff_1.98_0 
OAI222X1          15   228.525    sky130_ff_1.98_0 
OAI22X1           22   251.372    sky130_ff_1.98_0 
OR2X2              7    66.654    sky130_ff_1.98_0 
OR3X1              1    11.426    sky130_ff_1.98_0 
XNOR2X2            2    30.470    sky130_ff_1.98_0 
---------------------------------------------------
total            362  4265.967                     


                                         
     Type      Instances   Area   Area % 
-----------------------------------------
inverter              56  319.928    7.5 
logic                306 3946.039   92.5 
physical_cells         0    0.000    0.0 
-----------------------------------------
total                362 4265.967  100.0 

