Command: report datapath > reports_Dec19-10:52:14/ULA_datapath_generic.rpt
============================================================
  Generated by:           Genus(TM) Synthesis Solution 21.10-p002_1
  Generated on:           Dec 19 2024  10:52:43 am
  Module:                 ULA
  Technology libraries:   sky130_ff_1.98_0 1.0
                          sky130_ff_1.98_0 1.0
  Operating conditions:   ff_1.98_0 (balanced_tree)
  Wireload mode:          enclosed
  Area mode:              timing library
============================================================


Inferred components

             Operator Signedness Inputs Outputs CellArea 
=========================================================
ULA
 div_44_32
  
  module:divide_unsigned
   very_fast     /    unsigned   8x8    8        4480.29 
=========================================================
ULA
 mul_43_21
  
  module:mult_unsigned
   very_fast/non_booth
                 *    unsigned   8x8    8        2812.66 
=========================================================

      Type       CellArea Percentage 
-------------------------------------
datapath modules  7292.96      60.82 
external muxes       0.00       0.00 
others            4697.55      39.18 
-------------------------------------
total            11990.51     100.00 

