Command: report datapath > reports_Dec19-10:34:52/ULA_datapath_generic.rpt
============================================================
  Generated by:           Genus(TM) Synthesis Solution 21.10-p002_1
  Generated on:           Dec 19 2024  10:35:22 am
  Module:                 ULA
  Technology libraries:   gscl45nm 
                          gscl45nm 
  Operating conditions:   typical (balanced_tree)
  Wireload mode:          enclosed
  Area mode:              timing library
============================================================


Inferred components

             Operator Signedness Inputs Outputs CellArea 
=========================================================
ULA
 div_40_32
  
  module:divide_unsigned
   very_fast     /    unsigned   8x8    8        1454.23 
=========================================================
ULA
 mul_39_21
  
  module:mult_unsigned
   very_fast/non_booth
                 *    unsigned   8x8    8         912.94 
=========================================================

      Type       CellArea Percentage 
-------------------------------------
datapath modules  2367.17      60.82 
external muxes       0.00       0.00 
others            1524.75      39.18 
-------------------------------------
total             3891.92     100.00 

